[lyst-club.no/assets/lib/carousel3d/html/mdbCarousel3d.html]
[backblue.gif]
[fade.gif]
[index.html]
[use.fontawesome.com/releases/v5.8.2/css/all.css]
[lyst-club.no/assets/lib/carousel3d/css/bootstrap.min.css]
[lyst-club.no/assets/lib/carousel3d/css/mdb.min.css]
[lyst-club.no/assets/lib/carousel3d/css/addons/mdb-carousel-3d.min.css]
[mdbootstrap.com/wp-content/uploads/2018/06/logo-mdb-jquery-small.png]
[mdbootstrap.com/img/Photos/Slides/img (45).jpg]
[mdbootstrap.com/img/Photos/Slides/img (46).jpg]
[mdbootstrap.com/img/Photos/Slides/img (47).jpg]
[mdbootstrap.com/img/Photos/Slides/img (48).jpg]
[mdbootstrap.com/img/Photos/Slides/img (49).jpg]
[mdbootstrap.com/img/Photos/Slides/img (50).jpg]
[mdbootstrap.com/img/Photos/Slides/img (51).jpg]
[mdbootstrap.com/img/Photos/Slides/img (52).jpg]
[mdbootstrap.com/img/Photos/Slides/img (53).jpg]
[lyst-club.no/assets/lib/carousel3d/js/jquery-3.4.1.min.js]
[lyst-club.no/assets/lib/carousel3d/js/popper.min.js]
[lyst-club.no/assets/lib/carousel3d/js/bootstrap.min.js]
[lyst-club.no/assets/lib/carousel3d/js/mdb.min.js]
[lyst-club.no/assets/lib/carousel3d/js/addons/mdb-carousel-3d.min.js]
[lyst-club.no/assets/lib/carousel3d/html/mdbCarousel3d.html]
[use.fontawesome.com/releases/v5.8.2/css/all.css]
[lyst-club.no/assets/lib/carousel3d/css/bootstrap.min.css]
[lyst-club.no/assets/lib/carousel3d/img/overlays/01.png]
[lyst-club.no/assets/lib/carousel3d/img/overlays/02.png]
[lyst-club.no/assets/lib/carousel3d/img/overlays/03.png]
[lyst-club.no/assets/lib/carousel3d/img/overlays/04.png]
[lyst-club.no/assets/lib/carousel3d/img/overlays/05.png]
[lyst-club.no/assets/lib/carousel3d/img/overlays/06.png]
[lyst-club.no/assets/lib/carousel3d/img/overlays/07.png]
[lyst-club.no/assets/lib/carousel3d/img/overlays/08.png]
[lyst-club.no/assets/lib/carousel3d/img/overlays/09.png]
[lyst-club.no/assets/lib/carousel3d/css/mdb.min.css]
[lyst-club.no/assets/lib/carousel3d/css/addons/mdb-carousel-3d.min.css]
[lyst-club.no/assets/lib/carousel3d/css/style.css]
